[data] building 24 train / 12 val samples ...
[model] TADH-MiC with 820,316 parameters on cpu
  ep1 it5/24 seg=2.709 task=2.570 meas=2.896
  ep1 it10/24 seg=2.378 task=1.855 meas=3.444
  ep1 it15/24 seg=2.071 task=1.406 meas=2.767
  ep1 it20/24 seg=1.963 task=1.860 meas=2.412
[epoch   1] val seg_acc=0.5188 task_acc=0.1667 meas_mae=1001.76
  ep2 it5/24 seg=1.999 task=2.051 meas=2.852
  ep2 it10/24 seg=1.680 task=1.809 meas=3.381
  ep2 it15/24 seg=1.483 task=1.903 meas=2.720
  ep2 it20/24 seg=1.423 task=1.752 meas=2.519
[epoch   2] val seg_acc=0.5226 task_acc=0.1667 meas_mae=1013.57
  ep3 it5/24 seg=1.643 task=1.580 meas=2.941
  ep3 it10/24 seg=1.357 task=1.733 meas=3.444
  ep3 it15/24 seg=1.241 task=2.210 meas=2.764
  ep3 it20/24 seg=1.216 task=1.491 meas=2.511
[epoch   3] val seg_acc=0.5358 task_acc=0.1667 meas_mae=1033.56
  ep4 it5/24 seg=1.419 task=1.132 meas=2.879
  ep4 it10/24 seg=1.160 task=1.786 meas=3.411
  ep4 it15/24 seg=1.122 task=2.268 meas=2.704
  ep4 it20/24 seg=1.149 task=1.425 meas=2.511
[epoch   4] val seg_acc=0.6584 task_acc=0.2500 meas_mae=1019.96
  ep5 it5/24 seg=1.059 task=0.757 meas=1.969
  ep5 it10/24 seg=0.919 task=1.616 meas=0.601
  ep5 it15/24 seg=0.983 task=2.185 meas=0.180
  ep5 it20/24 seg=0.979 task=1.400 meas=0.196
[epoch   5] val seg_acc=0.6815 task_acc=0.1667 meas_mae=286.65
  ep6 it5/24 seg=0.952 task=0.848 meas=0.324
  ep6 it10/24 seg=0.802 task=1.523 meas=0.449
  ep6 it15/24 seg=0.855 task=1.798 meas=0.064
  ep6 it20/24 seg=0.774 task=1.281 meas=0.117
[epoch   6] val seg_acc=0.6071 task_acc=0.2500 meas_mae=264.91
  ep7 it5/24 seg=0.880 task=0.427 meas=0.176
  ep7 it10/24 seg=0.656 task=1.484 meas=0.086
  ep7 it15/24 seg=0.786 task=2.160 meas=0.042
  ep7 it20/24 seg=0.690 task=1.270 meas=0.029
[epoch   7] val seg_acc=0.6942 task_acc=0.0833 meas_mae=213.09
  ep8 it5/24 seg=0.667 task=0.404 meas=0.092
  ep8 it10/24 seg=0.592 task=1.477 meas=0.085
  ep8 it15/24 seg=0.699 task=1.972 meas=0.037
  ep8 it20/24 seg=0.613 task=1.124 meas=0.023
[epoch   8] val seg_acc=0.7547 task_acc=0.1667 meas_mae=196.47
  ep9 it5/24 seg=0.561 task=0.150 meas=0.064
  ep9 it10/24 seg=0.479 task=1.486 meas=0.060
  ep9 it15/24 seg=0.709 task=2.009 meas=0.051
  ep9 it20/24 seg=0.737 task=1.070 meas=0.012
[epoch   9] val seg_acc=0.7613 task_acc=0.3333 meas_mae=201.83
  ep10 it5/24 seg=0.537 task=0.326 meas=0.034
  ep10 it10/24 seg=0.521 task=1.457 meas=0.057
  ep10 it15/24 seg=0.660 task=1.884 meas=0.086
  ep10 it20/24 seg=0.613 task=0.653 meas=0.023
[epoch  10] val seg_acc=0.8170 task_acc=0.2500 meas_mae=191.27
  ep11 it5/24 seg=0.468 task=0.115 meas=0.022
  ep11 it10/24 seg=0.486 task=1.182 meas=0.058
  ep11 it15/24 seg=0.656 task=1.416 meas=0.053
  ep11 it20/24 seg=0.638 task=0.681 meas=0.040
[epoch  11] val seg_acc=0.7913 task_acc=0.2500 meas_mae=179.93
  ep12 it5/24 seg=0.467 task=0.098 meas=0.028
  ep12 it10/24 seg=0.437 task=1.174 meas=0.038
  ep12 it15/24 seg=0.612 task=1.216 meas=0.044
  ep12 it20/24 seg=0.580 task=0.716 meas=0.037
[epoch  12] val seg_acc=0.8002 task_acc=0.1667 meas_mae=159.70
  ep13 it5/24 seg=0.432 task=0.269 meas=0.028
  ep13 it10/24 seg=0.436 task=1.154 meas=0.044
  ep13 it15/24 seg=0.637 task=1.344 meas=0.039
  ep13 it20/24 seg=0.547 task=0.557 meas=0.022
[epoch  13] val seg_acc=0.8022 task_acc=0.1667 meas_mae=187.38
  ep14 it5/24 seg=0.431 task=0.072 meas=0.030
  ep14 it10/24 seg=0.452 task=1.117 meas=0.043
  ep14 it15/24 seg=0.600 task=0.907 meas=0.032
  ep14 it20/24 seg=0.507 task=0.608 meas=0.028
[epoch  14] val seg_acc=0.7880 task_acc=0.2500 meas_mae=173.77
  ep15 it5/24 seg=0.399 task=0.099 meas=0.032
  ep15 it10/24 seg=0.417 task=0.992 meas=0.042
  ep15 it15/24 seg=0.629 task=0.988 meas=0.049
  ep15 it20/24 seg=0.567 task=0.577 meas=0.026
[epoch  15] val seg_acc=0.8052 task_acc=0.1667 meas_mae=176.71
[done] best val meas MAE = 159.70 (mm for length slots, deg for perpendicularity); artifacts in out/smoke2
